### screw: 20736 dissections, 10440 classes; tori [(4, 4, 4), (4, 4, 6), (4, 4, 8), (4, 6, 6), (4, 4, 12), (6, 6, 6), (6, 6, 8), (4, 8, 8), (8, 8, 8)]
class 0: |P|=19; hierarchy periodic: (-2, 2, 0); periodic P-tiling: (4, 4, 4); de-substitution: FAILS at level 2 (5s)
class 1: |P|=17; hierarchy periodic: None; periodic P-tiling: (4, 4, 4); de-substitution: FAILS at level 2 (2s)
class 2: |P|=35; hierarchy periodic: None; periodic P-tiling: (4, 4, 4); de-substitution: FAILS at level 2 (3s)
class 3: |P|=9; hierarchy periodic: (-4, 0, 0); periodic P-tiling: (4, 4, 4); de-substitution: ok to level 3 (17s)
class 4: |P|=65; hierarchy periodic: None; periodic P-tiling: (4, 4, 4); de-substitution: FAILS at level 2 (4s)
class 5: |P|=32; hierarchy periodic: None; periodic P-tiling: (4, 4, 4); de-substitution: FAILS at level 2 (3s)
class 6: |P|=69; hierarchy periodic: None; periodic P-tiling: (4, 4, 4); de-substitution: FAILS at level 2 (4s)
class 7: |P|=30; hierarchy periodic: None; periodic P-tiling: (4, 4, 4); de-substitution: FAILS at level 2 (3s)
class 8: |P|=43; hierarchy periodic: None; periodic P-tiling: (4, 4, 4); de-substitution: FAILS at level 2 (3s)
class 9: |P|=100; hierarchy periodic: None; periodic P-tiling: (4, 4, 4); de-substitution: FAILS at level 2 (6s)
class 10: |P|=53; hierarchy periodic: None; periodic P-tiling: (4, 4, 4); de-substitution: FAILS at level 2 (4s)
class 11: |P|=104; hierarchy periodic: None; periodic P-tiling: (4, 4, 4); de-substitution: FAILS at level 2 (6s)
class 12: |P|=17; hierarchy periodic: (0, 0, -2); periodic P-tiling: (4, 4, 4); de-substitution: FAILS at level 2 (5s)
class 13: |P|=34; hierarchy periodic: None; periodic P-tiling: (4, 4, 4); de-substitution: FAILS at level 2 (3s)
class 14: |P|=35; hierarchy periodic: None; periodic P-tiling: (4, 4, 4); de-substitution: FAILS at level 2 (3s)
class 15: |P|=19; hierarchy periodic: (-2, -2, 0); periodic P-tiling: (4, 4, 4); de-substitution: FAILS at level 2 (5s)
class 16: |P|=64; hierarchy periodic: None; periodic P-tiling: (4, 4, 4); de-substitution: FAILS at level 2 (4s)
class 17: |P|=63; hierarchy periodic: None; periodic P-tiling: (4, 4, 4); de-substitution: FAILS at level 2 (4s)
class 18: |P|=69; hierarchy periodic: None; periodic P-tiling: (4, 4, 4); de-substitution: FAILS at level 2 (4s)
class 19: |P|=69; hierarchy periodic: None; periodic P-tiling: (4, 4, 4); de-substitution: FAILS at level 2 (4s)
class 20: |P|=104; hierarchy periodic: None; periodic P-tiling: (4, 4, 4); de-substitution: FAILS at level 2 (6s)
class 21: |P|=99; hierarchy periodic: None; periodic P-tiling: (4, 4, 4); de-substitution: FAILS at level 2 (5s)
class 22: |P|=98; hierarchy periodic: None; periodic P-tiling: (4, 4, 4); de-substitution: FAILS at level 2 (5s)
class 23: |P|=104; hierarchy periodic: None; periodic P-tiling: (4, 4, 4); de-substitution: FAILS at level 2 (8s)
class 24: |P|=34; hierarchy periodic: None; periodic P-tiling: (4, 4, 4); de-substitution: FAILS at level 2 (291s)
class 25: |P|=34; hierarchy periodic: None; periodic P-tiling: (4, 4, 4); de-substitution: FAILS at level 2 (3s)
class 26: |P|=29; hierarchy periodic: None; periodic P-tiling: (4, 4, 4); de-substitution: FAILS at level 2 (3s)
class 27: |P|=35; hierarchy periodic: None; periodic P-tiling: (4, 4, 4); de-substitution: FAILS at level 2 (3s)
class 28: |P|=69; hierarchy periodic: None; periodic P-tiling: (4, 4, 4); de-substitution: FAILS at level 2 (4s)
class 29: |P|=70; hierarchy periodic: None; periodic P-tiling: (4, 4, 4); de-substitution: FAILS at level 2 (4s)
class 30: |P|=64; hierarchy periodic: None; periodic P-tiling: (4, 4, 4); de-substitution: FAILS at level 2 (4s)
class 31: |P|=69; hierarchy periodic: None; periodic P-tiling: (4, 4, 4); de-substitution: FAILS at level 2 (4s)
class 32: |P|=104; hierarchy periodic: None; periodic P-tiling: (4, 4, 4); de-substitution: FAILS at level 2 (6s)
class 33: |P|=104; hierarchy periodic: None; periodic P-tiling: (4, 4, 4); de-substitution: FAILS at level 2 (5s)
class 34: |P|=105; hierarchy periodic: None; periodic P-tiling: (4, 4, 4); de-substitution: FAILS at level 2 (6s)
class 35: |P|=99; hierarchy periodic: None; periodic P-tiling: (4, 4, 4); de-substitution: FAILS at level 2 (5s)
class 36: |P|=34; hierarchy periodic: None; periodic P-tiling: (4, 4, 4); de-substitution: FAILS at level 2 (3s)
class 37: |P|=17; hierarchy periodic: (-8, 0, 0); periodic P-tiling: (4, 4, 4); de-substitution: FAILS at level 2 (5s)
class 38: |P|=35; hierarchy periodic: None; periodic P-tiling: (4, 4, 4); de-substitution: FAILS at level 2 (2s)
class 39: |P|=17; hierarchy periodic: None; periodic P-tiling: (4, 4, 4); de-substitution: FAILS at level 2 (2s)
### screw: classes 40; periodic hierarchy 5; periodic P-tiling found 40; of which provably non-hierarchical 39; neither 0
