### tripod: 256 dissections, 52 classes; tori [(4, 4, 4), (4, 4, 6), (4, 4, 8), (4, 6, 6), (4, 4, 12), (6, 6, 6), (6, 6, 8), (4, 8, 8), (8, 8, 8)]
class 0: |P|=18; hierarchy periodic: None; periodic P-tiling: (4, 4, 4); de-substitution: FAILS at level 2 (2s)
class 1: |P|=34; hierarchy periodic: None; periodic P-tiling: (4, 4, 4); de-substitution: FAILS at level 2 (3s)
class 2: |P|=16; hierarchy periodic: None; periodic P-tiling: (4, 4, 4); de-substitution: FAILS at level 2 (2s)
class 3: |P|=9; hierarchy periodic: (-2, 0, 0); periodic P-tiling: (4, 4, 4); de-substitution: ok to level 3 (17s)
class 4: |P|=13; hierarchy periodic: (0, 0, -4); periodic P-tiling: (4, 4, 4); de-substitution: FAILS at level 2 (5s)
class 5: |P|=34; hierarchy periodic: None; periodic P-tiling: (4, 4, 4); de-substitution: FAILS at level 2 (3s)
class 6: |P|=7; hierarchy periodic: (-4, 0, 0); periodic P-tiling: (4, 4, 4); de-substitution: ok to level 3 (17s)
class 7: |P|=16; hierarchy periodic: None; periodic P-tiling: (4, 4, 4); de-substitution: FAILS at level 2 (5s)
class 8: |P|=18; hierarchy periodic: None; periodic P-tiling: (4, 4, 4); de-substitution: FAILS at level 2 (5s)
class 9: |P|=10; hierarchy periodic: (-2, 0, 0); periodic P-tiling: (4, 4, 4); de-substitution: ok to level 3 (17s)
class 10: |P|=18; hierarchy periodic: None; periodic P-tiling: (4, 4, 4); de-substitution: FAILS at level 2 (2s)
class 11: |P|=18; hierarchy periodic: None; periodic P-tiling: (4, 4, 4); de-substitution: FAILS at level 2 (2s)
class 12: |P|=18; hierarchy periodic: None; periodic P-tiling: (4, 4, 4); de-substitution: FAILS at level 2 (7s)
class 13: |P|=16; hierarchy periodic: None; periodic P-tiling: (4, 4, 4); de-substitution: FAILS at level 2 (2s)
class 14: |P|=9; hierarchy periodic: (0, 0, -2); periodic P-tiling: (4, 4, 4); de-substitution: ok to level 3 (16s)
class 15: |P|=34; hierarchy periodic: None; periodic P-tiling: (4, 4, 4); de-substitution: FAILS at level 2 (3s)
class 16: |P|=16; hierarchy periodic: None; periodic P-tiling: (4, 4, 4); de-substitution: FAILS at level 2 (2s)
class 17: |P|=34; hierarchy periodic: None; periodic P-tiling: (4, 4, 4); de-substitution: FAILS at level 2 (3s)
class 18: |P|=16; hierarchy periodic: (0, 0, -2); periodic P-tiling: (4, 4, 4); de-substitution: FAILS at level 2 (5s)
class 19: |P|=18; hierarchy periodic: None; periodic P-tiling: (4, 4, 4); de-substitution: FAILS at level 2 (2s)
class 20: |P|=16; hierarchy periodic: (-2, 0, 0); periodic P-tiling: (4, 4, 4); de-substitution: FAILS at level 2 (295s)
class 21: |P|=34; hierarchy periodic: None; periodic P-tiling: (4, 4, 4); de-substitution: FAILS at level 2 (3s)
class 22: |P|=34; hierarchy periodic: None; periodic P-tiling: (4, 4, 4); de-substitution: FAILS at level 2 (3s)
class 23: |P|=34; hierarchy periodic: None; periodic P-tiling: (4, 4, 4); de-substitution: FAILS at level 2 (3s)
class 24: |P|=34; hierarchy periodic: None; periodic P-tiling: (4, 4, 4); de-substitution: FAILS at level 2 (3s)
class 25: |P|=28; hierarchy periodic: None; periodic P-tiling: (4, 4, 4); de-substitution: FAILS at level 2 (3s)
class 26: |P|=16; hierarchy periodic: None; periodic P-tiling: (4, 4, 4); de-substitution: FAILS at level 2 (2s)
class 27: |P|=34; hierarchy periodic: None; periodic P-tiling: (4, 4, 4); de-substitution: FAILS at level 2 (3s)
class 28: |P|=13; hierarchy periodic: (0, -4, 0); periodic P-tiling: (4, 4, 4); de-substitution: FAILS at level 2 (5s)
class 29: |P|=34; hierarchy periodic: None; periodic P-tiling: (4, 4, 4); de-substitution: FAILS at level 2 (3s)
class 30: |P|=34; hierarchy periodic: None; periodic P-tiling: (4, 4, 4); de-substitution: FAILS at level 2 (3s)
class 31: |P|=16; hierarchy periodic: None; periodic P-tiling: (4, 4, 4); de-substitution: FAILS at level 2 (5s)
class 32: |P|=28; hierarchy periodic: None; periodic P-tiling: (4, 4, 4); de-substitution: FAILS at level 2 (3s)
class 33: |P|=34; hierarchy periodic: None; periodic P-tiling: (4, 4, 4); de-substitution: FAILS at level 2 (3s)
class 34: |P|=16; hierarchy periodic: (0, -2, 0); periodic P-tiling: (4, 4, 4); de-substitution: FAILS at level 2 (5s)
class 35: |P|=18; hierarchy periodic: None; periodic P-tiling: (4, 4, 4); de-substitution: FAILS at level 2 (6s)
class 36: |P|=18; hierarchy periodic: None; periodic P-tiling: (4, 4, 4); de-substitution: FAILS at level 2 (2s)
class 37: |P|=9; hierarchy periodic: (0, -2, 0); periodic P-tiling: (4, 4, 4); de-substitution: ok to level 3 (11s)
class 38: |P|=16; hierarchy periodic: None; periodic P-tiling: (4, 4, 4); de-substitution: FAILS at level 2 (1s)
class 39: |P|=34; hierarchy periodic: None; periodic P-tiling: (4, 4, 4); de-substitution: FAILS at level 2 (2s)
class 40: |P|=16; hierarchy periodic: None; periodic P-tiling: (4, 4, 4); de-substitution: FAILS at level 2 (1s)
class 41: |P|=13; hierarchy periodic: (0, -4, 0); periodic P-tiling: (4, 4, 4); de-substitution: FAILS at level 2 (3s)
class 42: |P|=34; hierarchy periodic: None; periodic P-tiling: (4, 4, 4); de-substitution: FAILS at level 2 (2s)
class 43: |P|=34; hierarchy periodic: None; periodic P-tiling: (4, 4, 4); de-substitution: FAILS at level 2 (1s)
class 44: |P|=34; hierarchy periodic: None; periodic P-tiling: (4, 4, 4); de-substitution: FAILS at level 2 (2s)
class 45: |P|=16; hierarchy periodic: None; periodic P-tiling: (4, 4, 4); de-substitution: FAILS at level 2 (1s)
class 46: |P|=18; hierarchy periodic: None; periodic P-tiling: (4, 4, 4); de-substitution: FAILS at level 2 (3s)
class 47: |P|=9; hierarchy periodic: (0, 0, -2); periodic P-tiling: (4, 4, 4); de-substitution: ok to level 3 (7s)
class 48: |P|=7; hierarchy periodic: (-4, 0, 0); periodic P-tiling: (4, 4, 4); de-substitution: ok to level 3 (5s)
class 49: |P|=16; hierarchy periodic: None; periodic P-tiling: (4, 4, 4); de-substitution: FAILS at level 2 (1s)
class 50: |P|=10; hierarchy periodic: (-2, 0, 0); periodic P-tiling: (4, 4, 4); de-substitution: ok to level 3 (6s)
class 51: |P|=18; hierarchy periodic: None; periodic P-tiling: (4, 4, 4); de-substitution: FAILS at level 2 (1s)
### tripod: classes 52; periodic hierarchy 14; periodic P-tiling found 52; of which provably non-hierarchical 44; neither 0
