/home/user/research/chairN.py:12: SyntaxWarning: invalid escape sequence '\ '
  * Level-1 supertile in the local frame: 2C_N = [0,4]^N \ (2,4]^N, children
N=4 K=2 free polycubes by size: [1, 1, 2, 7, 26, 147, 1019]
size 2 cells=[(0, 0, 0, 0), (0, 0, 0, 1)] bbox=(1, 1, 1, 2) dissections=50+ classes=None
-- size 2: 1 rep-16 shapes of 1 (0s)
size 3 cells=[(0, 0, 0, 0), (0, 0, 0, 1), (0, 0, 0, 2)] bbox=(1, 1, 1, 3) dissections=1 classes=1
size 3 cells=[(0, 0, 0, 0), (0, 0, 0, 1), (0, 0, 1, 0)] bbox=(1, 1, 2, 2) dissections=50+ classes=None
-- size 3: 2 rep-16 shapes of 2 (0s)
size 4 cells=[(0, 0, 0, 0), (0, 0, 0, 1), (0, 0, 0, 2), (0, 0, 0, 3)] bbox=(1, 1, 1, 4) dissections=1 classes=1
size 4 cells=[(0, 0, 0, 0), (0, 0, 0, 1), (0, 0, 0, 2), (0, 0, 1, 0)] bbox=(1, 1, 2, 3) dissections=50+ classes=None
size 4 cells=[(0, 0, 0, 0), (0, 0, 0, 1), (0, 0, 1, 0), (0, 0, 1, 1)] bbox=(1, 1, 2, 2) dissections=50+ classes=None
size 4 cells=[(0, 0, 0, 0), (0, 0, 0, 1), (0, 0, 1, 0), (0, 1, 0, 0)] bbox=(1, 2, 2, 2) dissections=50+ classes=None
size 4 cells=[(0, 0, 0, 0), (0, 0, 0, 1), (0, 0, 1, 0), (0, 1, 0, 1)] bbox=(1, 2, 2, 2) dissections=50+ classes=None
-- size 4: 5 rep-16 shapes of 7 (0s)
size 5 cells=[(0, 0, 0, 0), (0, 0, 0, 1), (0, 0, 0, 2), (0, 0, 0, 3), (0, 0, 0, 4)] bbox=(1, 1, 1, 5) dissections=1 classes=1
size 5 cells=[(0, 0, 0, 0), (0, 0, 0, 1), (0, 0, 0, 2), (0, 0, 1, 0), (0, 0, 1, 1)] bbox=(1, 1, 2, 3) dissections=50+ classes=None
size 5 cells=[(0, 0, 0, 0), (0, 0, 0, 1), (0, 0, 1, 0), (0, 0, 1, 1), (0, 1, 0, 0)] bbox=(1, 2, 2, 2) dissections=50+ classes=None
size 5 cells=[(0, 0, 0, 0), (0, 0, 0, 1), (0, 0, 1, 0), (0, 1, 0, 0), (1, 0, 0, 1)] bbox=(2, 2, 2, 2) dissections=50+ classes=None
size 5 cells=[(0, 0, 0, 0), (0, 0, 0, 1), (0, 0, 1, 0), (0, 1, 0, 1), (1, 0, 1, 0)] bbox=(2, 2, 2, 2) dissections=50+ classes=None
-- size 5: 5 rep-16 shapes of 26 (1205s)
size 6 cells=[(0, 0, 0, 0), (0, 0, 0, 1), (0, 0, 0, 2), (0, 0, 0, 3), (0, 0, 0, 4), (0, 0, 0, 5)] bbox=(1, 1, 1, 6) dissections=1 classes=1
size 6 cells=[(0, 0, 0, 0), (0, 0, 0, 1), (0, 0, 0, 2), (0, 0, 0, 3), (0, 0, 1, 0), (0, 0, 1, 1)] bbox=(1, 1, 2, 4) dissections=50+ classes=None
size 6 cells=[(0, 0, 0, 0), (0, 0, 0, 1), (0, 0, 0, 2), (0, 0, 1, 0), (0, 0, 1, 1), (0, 0, 1, 2)] bbox=(1, 1, 2, 3) dissections=50+ classes=None
size 6 cells=[(0, 0, 0, 0), (0, 0, 0, 1), (0, 0, 0, 2), (0, 0, 1, 0), (0, 0, 1, 1), (0, 1, 0, 0)] bbox=(1, 2, 2, 3) dissections=50+ classes=None
size 6 cells=[(0, 0, 0, 0), (0, 0, 0, 1), (0, 0, 0, 2), (0, 0, 1, 0), (0, 0, 1, 1), (0, 1, 0, 2)] bbox=(1, 2, 2, 3) dissections=50+ classes=None
size 6 cells=[(0, 0, 0, 0), (0, 0, 0, 1), (0, 0, 0, 2), (0, 0, 1, 0), (0, 0, 1, 1), (0, 1, 1, 0)] bbox=(1, 2, 2, 3) dissections=50+ classes=None
size 6 cells=[(0, 0, 0, 0), (0, 0, 0, 1), (0, 0, 0, 2), (0, 0, 1, 0), (0, 0, 1, 2), (0, 1, 1, 0)] bbox=(1, 2, 2, 3) dissections=8 classes=4
size 6 cells=[(0, 0, 0, 0), (0, 0, 0, 1), (0, 0, 0, 2), (0, 0, 1, 0), (0, 1, 0, 2), (0, 1, 0, 3)] bbox=(1, 2, 2, 4) dissections=50+ classes=None
size 6 cells=[(0, 0, 0, 0), (0, 0, 0, 1), (0, 0, 0, 2), (0, 0, 1, 0), (0, 1, 0, 2), (0, 1, 1, 0)] bbox=(1, 2, 2, 3) dissections=8 classes=4
size 6 cells=[(0, 0, 0, 0), (0, 0, 0, 1), (0, 0, 0, 2), (0, 0, 1, 0), (0, 1, 0, 2), (1, 0, 1, 0)] bbox=(2, 2, 2, 3) dissections=2 classes=2
size 6 cells=[(0, 0, 0, 0), (0, 0, 0, 1), (0, 0, 0, 2), (0, 0, 1, 2), (0, 0, 1, 3), (0, 1, 1, 3)] bbox=(1, 2, 2, 4) dissections=50+ classes=None
size 6 cells=[(0, 0, 0, 0), (0, 0, 0, 1), (0, 0, 1, 0), (0, 0, 1, 1), (0, 1, 0, 0), (0, 1, 0, 1)] bbox=(1, 2, 2, 2) dissections=50+ classes=None
size 6 cells=[(0, 0, 0, 0), (0, 0, 0, 1), (0, 0, 1, 0), (0, 0, 1, 1), (0, 1, 0, 0), (0, 1, 1, 1)] bbox=(1, 2, 2, 2) dissections=50+ classes=None
size 6 cells=[(0, 0, 0, 0), (0, 0, 0, 1), (0, 0, 1, 0), (0, 0, 1, 1), (0, 1, 0, 0), (1, 0, 0, 1)] bbox=(2, 2, 2, 2) dissections=50+ classes=None
size 6 cells=[(0, 0, 0, 0), (0, 0, 0, 1), (0, 0, 1, 0), (0, 0, 1, 1), (0, 1, 0, 0), (1, 0, 1, 1)] bbox=(2, 2, 2, 2) dissections=50+ classes=None
size 6 cells=[(0, 0, 0, 0), (0, 0, 0, 1), (0, 0, 1, 0), (0, 0, 1, 1), (0, 1, 0, 0), (1, 1, 0, 0)] bbox=(2, 2, 2, 2) dissections=50+ classes=None
size 6 cells=[(0, 0, 0, 0), (0, 0, 0, 1), (0, 0, 1, 0), (0, 1, 0, 0), (1, 0, 0, 1), (1, 0, 1, 0)] bbox=(2, 2, 2, 2) dissections=50+ classes=None
size 6 cells=[(0, 0, 0, 0), (0, 0, 0, 1), (0, 0, 1, 0), (0, 1, 0, 0), (1, 0, 0, 1), (1, 0, 1, 1)] bbox=(2, 2, 2, 2) dissections=50+ classes=None
size 6 cells=[(0, 0, 0, 0), (0, 0, 0, 1), (0, 0, 1, 0), (0, 1, 0, 1), (0, 1, 1, 0), (1, 1, 0, 1)] bbox=(2, 2, 2, 2) dissections=50+ classes=None
size 6 cells=[(0, 0, 0, 0), (0, 0, 0, 1), (0, 0, 1, 0), (0, 1, 0, 1), (1, 0, 1, 0), (1, 1, 0, 1)] bbox=(2, 2, 2, 2) dissections=50+ classes=None
-- size 6: 20 rep-16 shapes of 147 (428s)
size 7 cells=[(0, 0, 0, 0), (0, 0, 0, 1), (0, 0, 0, 2), (0, 0, 0, 3), (0, 0, 0, 4), (0, 0, 0, 5), (0, 0, 0, 6)] bbox=(1, 1, 1, 7) dissections=1 classes=1
size 7 cells=[(0, 0, 0, 0), (0, 0, 0, 1), (0, 0, 0, 2), (0, 0, 1, 0), (0, 0, 1, 1), (0, 0, 1, 2), (0, 1, 0, 0)] bbox=(1, 2, 2, 3) dissections=50+ classes=None
size 7 cells=[(0, 0, 0, 0), (0, 0, 0, 1), (0, 0, 0, 2), (0, 0, 1, 0), (0, 0, 1, 1), (0, 1, 0, 0), (0, 1, 1, 0)] bbox=(1, 2, 2, 3) dissections=50+ classes=None
size 7 cells=[(0, 0, 0, 0), (0, 0, 0, 1), (0, 0, 0, 2), (0, 0, 1, 0), (0, 0, 1, 1), (0, 1, 0, 0), (1, 1, 0, 0)] bbox=(2, 2, 2, 3) dissections=10 classes=10
size 7 cells=[(0, 0, 0, 0), (0, 0, 0, 1), (0, 0, 0, 2), (0, 0, 1, 0), (0, 0, 1, 1), (0, 1, 1, 0), (1, 1, 1, 0)] bbox=(2, 2, 2, 3) dissections=50+ classes=None
size 7 cells=[(0, 0, 0, 0), (0, 0, 0, 1), (0, 0, 1, 0), (0, 0, 1, 1), (0, 1, 0, 0), (0, 1, 0, 1), (0, 1, 1, 0)] bbox=(1, 2, 2, 2) dissections=50+ classes=None
size 7 cells=[(0, 0, 0, 0), (0, 0, 0, 1), (0, 0, 1, 0), (0, 0, 1, 1), (0, 1, 0, 0), (0, 1, 0, 1), (1, 0, 0, 0)] bbox=(2, 2, 2, 2) dissections=50+ classes=None
size 7 cells=[(0, 0, 0, 0), (0, 0, 0, 1), (0, 0, 1, 0), (0, 0, 1, 1), (0, 1, 0, 0), (0, 1, 0, 1), (1, 0, 1, 0)] bbox=(2, 2, 2, 2) dissections=50+ classes=None
size 7 cells=[(0, 0, 0, 0), (0, 0, 0, 1), (0, 0, 1, 0), (0, 0, 1, 1), (0, 1, 0, 0), (1, 0, 0, 1), (1, 1, 0, 0)] bbox=(2, 2, 2, 2) dissections=50+ classes=None
size 7 cells=[(0, 0, 0, 0), (0, 0, 0, 1), (0, 0, 1, 0), (0, 0, 1, 1), (0, 1, 0, 0), (1, 0, 1, 1), (1, 1, 0, 0)] bbox=(2, 2, 2, 2) dissections=50+ classes=None
size 7 cells=[(0, 0, 0, 0), (0, 0, 0, 1), (0, 0, 1, 0), (0, 0, 1, 1), (0, 1, 0, 0), (1, 1, 0, 0), (1, 1, 0, 1)] bbox=(2, 2, 2, 2) dissections=50+ classes=None
size 7 cells=[(0, 0, 0, 0), (0, 0, 0, 1), (0, 0, 1, 0), (0, 1, 0, 1), (0, 1, 0, 2), (1, 0, 1, 0), (1, 1, 1, 0)] bbox=(2, 2, 2, 3) dissections=4 classes=4
-- size 7: 12 rep-16 shapes of 1019 (1802s)
