# polycubes by size: [1, 1, 2, 7, 23, 112, 607]  (group B3 (48))
size  1  cells=[(0, 0, 0)]  bbox=(1, 1, 1)  (prism of a polyomino)
         rep-8 dissections (ordered placements): 1   translation-only: 1   with rotated children: 0   orientations used: 1
size  2  cells=[(0, 0, 0), (0, 0, 1)]  bbox=(1, 1, 2)  (prism of a polyomino)
         rep-8 dissections (ordered placements): 121   translation-only: 1   with rotated children: 120   orientations used: 3
size  3  cells=[(0, 0, 0), (0, 0, 1), (0, 0, 2)]  bbox=(1, 1, 3)  (prism of a polyomino)
         rep-8 dissections (ordered placements): 1   translation-only: 1   with rotated children: 0   orientations used: 3
size  3  cells=[(0, 0, 0), (0, 0, 1), (0, 1, 0)]  bbox=(1, 2, 2)  (prism of a polyomino)
         rep-8 dissections (ordered placements): 1903   translation-only: 0   with rotated children: 1903   orientations used: 12
size  4  cells=[(0, 0, 0), (0, 0, 1), (0, 0, 2), (0, 0, 3)]  bbox=(1, 1, 4)  (prism of a polyomino)
         rep-8 dissections (ordered placements): 1   translation-only: 1   with rotated children: 0   orientations used: 3
size  4  cells=[(0, 0, 0), (0, 0, 1), (0, 0, 2), (0, 1, 0)]  bbox=(1, 2, 3)  (prism of a polyomino)
         rep-8 dissections (ordered placements): 166   translation-only: 0   with rotated children: 166   orientations used: 24
size  4  cells=[(0, 0, 0), (0, 0, 1), (0, 1, 0), (0, 1, 1)]  bbox=(1, 2, 2)  (prism of a polyomino)
         rep-8 dissections (ordered placements): 165   translation-only: 1   with rotated children: 164   orientations used: 3
size  4  cells=[(0, 0, 0), (0, 0, 1), (0, 1, 0), (1, 0, 0)]  bbox=(2, 2, 2)
         rep-8 dissections (ordered placements): 256   translation-only: 0   with rotated children: 256   orientations used: 8
size  4  cells=[(0, 0, 0), (0, 0, 1), (0, 1, 0), (1, 0, 1)]  bbox=(2, 2, 2)
         rep-8 dissections (ordered placements): 20736   translation-only: 0   with rotated children: 20736   orientations used: 24
size  5  cells=[(0, 0, 0), (0, 0, 1), (0, 0, 2), (0, 0, 3), (0, 0, 4)]  bbox=(1, 1, 5)  (prism of a polyomino)
         rep-8 dissections (ordered placements): 1   translation-only: 1   with rotated children: 0   orientations used: 3
size  5  cells=[(0, 0, 0), (0, 0, 1), (0, 0, 2), (0, 1, 0), (0, 1, 1)]  bbox=(1, 2, 3)  (prism of a polyomino)
         rep-8 dissections (ordered placements): 82   translation-only: 0   with rotated children: 82   orientations used: 24
size  6  cells=[(0, 0, 0), (0, 0, 1), (0, 0, 2), (0, 0, 3), (0, 0, 4), (0, 0, 5)]  bbox=(1, 1, 6)  (prism of a polyomino)
         rep-8 dissections (ordered placements): 1   translation-only: 1   with rotated children: 0   orientations used: 3
size  6  cells=[(0, 0, 0), (0, 0, 1), (0, 0, 2), (0, 0, 3), (0, 1, 0), (0, 1, 1)]  bbox=(1, 2, 4)  (prism of a polyomino)
         rep-8 dissections (ordered placements): 135   translation-only: 0   with rotated children: 135   orientations used: 24
size  6  cells=[(0, 0, 0), (0, 0, 1), (0, 0, 2), (0, 1, 0), (0, 1, 1), (0, 1, 2)]  bbox=(1, 2, 3)  (prism of a polyomino)
         rep-8 dissections (ordered placements): 153   translation-only: 1   with rotated children: 152   orientations used: 6
size  6  cells=[(0, 0, 0), (0, 0, 1), (0, 0, 2), (0, 1, 0), (0, 1, 1), (1, 1, 0)]  bbox=(2, 2, 3)
         rep-8 dissections (ordered placements): 64   translation-only: 0   with rotated children: 64   orientations used: 48
size  6  cells=[(0, 0, 0), (0, 0, 1), (0, 1, 0), (0, 1, 1), (1, 0, 0), (1, 0, 1)]  bbox=(2, 2, 2)
         rep-8 dissections (ordered placements): 5   translation-only: 0   with rotated children: 5   orientations used: 12
size  7  cells=[(0, 0, 0), (0, 0, 1), (0, 0, 2), (0, 0, 3), (0, 0, 4), (0, 0, 5), (0, 0, 6)]  bbox=(1, 1, 7)  (prism of a polyomino)
         rep-8 dissections (ordered placements): 1   translation-only: 1   with rotated children: 0   orientations used: 3
size  7  cells=[(0, 0, 0), (0, 0, 1), (0, 1, 0), (0, 1, 1), (1, 0, 0), (1, 0, 1), (1, 1, 0)]  bbox=(2, 2, 2)
         rep-8 dissections (ordered placements): 1   translation-only: 0   with rotated children: 1   orientations used: 8
done
finished
